manifest should match snapshot:
  1: |
    apiVersion: apps/v1
    kind: Deployment
    metadata:
      labels:
        domain: shop-products
        run: toys-bestseller
        service-tier: "2"
        tags.datadoghq.com/service: shop-products
        tags.datadoghq.com/version: 1.0.0
        tags.steadybit.com/service-validation: http
      name: toys-bestseller
      namespace: NAMESPACE
    spec:
      replicas: 1
      selector:
        matchLabels:
          run: toys-bestseller-exposed
      strategy:
        rollingUpdate:
          maxSurge: 0
          maxUnavailable: 1
        type: RollingUpdate
      template:
        metadata:
          labels:
            domain: shop-products
            run: toys-bestseller-exposed
            service-tier: "2"
            tags.datadoghq.com/service: shop-products
            tags.datadoghq.com/version: 1.0.0
            tags.steadybit.com/service-validation: http
        spec:
          affinity:
            podAntiAffinity:
              requiredDuringSchedulingIgnoredDuringExecution:
                - labelSelector:
                    matchExpressions:
                      - key: run
                        operator: In
                        values:
                          - toys-bestseller-exposed
                  topologyKey: topology.kubernetes.io/zone
          containers:
            - env:
                - name: rest.endpoint.inventory
                  value: http://inventory:8084/inventory
                - name: DD_SERVICE
                  valueFrom:
                    fieldRef:
                      fieldPath: metadata.labels['tags.datadoghq.com/service']
                - name: DD_VERSION
                  valueFrom:
                    fieldRef:
                      fieldPath: metadata.labels['tags.datadoghq.com/version']
              image: steadybit/bestseller-toys:develop
              imagePullPolicy: Always
              livenessProbe:
                httpGet:
                  path: /actuator/health/liveness
                  port: 8081
                initialDelaySeconds: 60
                periodSeconds: 10
                timeoutSeconds: 3
              name: toys-bestseller
              ports:
                - containerPort: 8081
                  protocol: TCP
              readinessProbe:
                httpGet:
                  path: /actuator/health/readiness
                  port: 8081
                initialDelaySeconds: 60
                periodSeconds: 10
                timeoutSeconds: 5
              resources:
                limits:
                  cpu: 500m
                  ephemeral-storage: 500Mi
                  memory: 1024Mi
                requests:
                  cpu: 100m
                  ephemeral-storage: 100Mi
                  memory: 128Mi
          imagePullSecrets:
            - name: regcredinternal
          serviceAccountName: steadybit-demo
  2: |
    apiVersion: v1
    kind: Service
    metadata:
      labels:
        run: toys-bestseller
      name: toys-bestseller
      namespace: NAMESPACE
    spec:
      ports:
        - port: 8081
          protocol: TCP
          targetPort: 8081
      selector:
        run: toys-bestseller-exposed
      type: ClusterIP
  3: |
    apiVersion: policy/v1
    kind: PodDisruptionBudget
    metadata:
      name: toys-bestseller-pdb
      namespace: NAMESPACE
    spec:
      minAvailable: 1
      selector:
        matchLabels:
          run: toys-bestseller-exposed
manifest should match snapshot replica count:
  1: |
    apiVersion: apps/v1
    kind: Deployment
    metadata:
      labels:
        domain: shop-products
        run: toys-bestseller
        service-tier: "2"
        tags.datadoghq.com/service: shop-products
        tags.datadoghq.com/version: 1.0.0
        tags.steadybit.com/service-validation: http
      name: toys-bestseller
      namespace: NAMESPACE
    spec:
      replicas: 2
      selector:
        matchLabels:
          run: toys-bestseller-exposed
      strategy:
        rollingUpdate:
          maxSurge: 0
          maxUnavailable: 1
        type: RollingUpdate
      template:
        metadata:
          labels:
            domain: shop-products
            run: toys-bestseller-exposed
            service-tier: "2"
            tags.datadoghq.com/service: shop-products
            tags.datadoghq.com/version: 1.0.0
            tags.steadybit.com/service-validation: http
        spec:
          affinity:
            podAntiAffinity:
              requiredDuringSchedulingIgnoredDuringExecution:
                - labelSelector:
                    matchExpressions:
                      - key: run
                        operator: In
                        values:
                          - toys-bestseller-exposed
                  topologyKey: topology.kubernetes.io/zone
          containers:
            - env:
                - name: rest.endpoint.inventory
                  value: http://inventory:8084/inventory
                - name: DD_SERVICE
                  valueFrom:
                    fieldRef:
                      fieldPath: metadata.labels['tags.datadoghq.com/service']
                - name: DD_VERSION
                  valueFrom:
                    fieldRef:
                      fieldPath: metadata.labels['tags.datadoghq.com/version']
              image: steadybit/bestseller-toys:develop
              imagePullPolicy: Always
              livenessProbe:
                httpGet:
                  path: /actuator/health/liveness
                  port: 8081
                initialDelaySeconds: 60
                periodSeconds: 10
                timeoutSeconds: 3
              name: toys-bestseller
              ports:
                - containerPort: 8081
                  protocol: TCP
              readinessProbe:
                httpGet:
                  path: /actuator/health/readiness
                  port: 8081
                initialDelaySeconds: 60
                periodSeconds: 10
                timeoutSeconds: 5
              resources:
                limits:
                  cpu: 500m
                  ephemeral-storage: 500Mi
                  memory: 1024Mi
                requests:
                  cpu: 100m
                  ephemeral-storage: 100Mi
                  memory: 128Mi
          imagePullSecrets:
            - name: regcredinternal
          serviceAccountName: steadybit-demo
  2: |
    apiVersion: v1
    kind: Service
    metadata:
      labels:
        run: toys-bestseller
      name: toys-bestseller
      namespace: NAMESPACE
    spec:
      ports:
        - port: 8081
          protocol: TCP
          targetPort: 8081
      selector:
        run: toys-bestseller-exposed
      type: ClusterIP
  3: |
    apiVersion: policy/v1
    kind: PodDisruptionBudget
    metadata:
      name: toys-bestseller-pdb
      namespace: NAMESPACE
    spec:
      minAvailable: 1
      selector:
        matchLabels:
          run: toys-bestseller-exposed
